// Jest Snapshot v1, https://goo.gl/fbAQLP

exports[`diffTable 1`] = `
"| Filename | Dependencies | Added | Removed |  |
| :--- | :---: | :---: | :---: | :---: |
| \`sample/index.asset.php\` | \`wp-block-editor\`, \`wp-blocks\`, \`wp-element\`, \`wp-primitives\` | \`wp-primitives\` | \`wp-components\` | üîé |
| \`sample/test.asset.php\` | \`wp-block-editor\`, \`wp-blocks\`, \`wp-element\`, \`wp-primitives\` | \`wp-primitives, wp-components\` |  | ‚ö†Ô∏è |
| \`sample/hello.asset.php\` | \`wp-block-editor\`, \`wp-blocks\`, \`wp-element\`, \`wp-primitives\` | \`wp-primitives\` |  | ‚ö†Ô∏è |
| \`sample/view.asset.php\` | \`wp-block-editor\`, \`wp-blocks\`, \`wp-element\`, \`wp-primitives\` | \`wp-primitives\` |  | ‚ö†Ô∏è |"
`;

exports[`diffTable 2`] = `
"| Filename | Dependencies | Added | Removed |  |
| :--- | :---: | :---: | :---: | :---: |
| \`sample/index.asset.php\` | \`wp-block-editor\`, \`wp-blocks\`, \`wp-element\`, \`wp-primitives\` | \`wp-primitives\` | \`wp-components\` | üîé |
| \`sample/test.asset.php\` | \`wp-block-editor\`, \`wp-blocks\`, \`wp-element\`, \`wp-primitives\` | \`wp-primitives, wp-components\` |  | ‚ö†Ô∏è |
| \`sample/hello.asset.php\` | \`wp-block-editor\`, \`wp-blocks\`, \`wp-element\`, \`wp-primitives\` | \`wp-primitives\` |  | ‚ö†Ô∏è |
| \`sample/view.asset.php\` | \`wp-block-editor\`, \`wp-blocks\`, \`wp-element\`, \`wp-primitives\` | \`wp-primitives\` |  | ‚ö†Ô∏è |"
`;

exports[`diffTable 3`] = `
"| Filename | Dependencies | Added | Removed |  |
| :--- | :---: | :---: | :---: | :---: |
| \`sample/index.asset.php\` | \`wp-block-editor\`, \`wp-blocks\`, \`wp-element\`, \`wp-primitives\` | \`wp-primitives\` | \`wp-components\` | üîé |
| \`sample/test.asset.php\` | \`wp-block-editor\`, \`wp-blocks\`, \`wp-element\`, \`wp-primitives\` | \`wp-primitives, wp-components\` |  | ‚ö†Ô∏è |
| \`sample/hello.asset.php\` | \`wp-block-editor\`, \`wp-blocks\`, \`wp-element\`, \`wp-primitives\` | \`wp-primitives\` |  | ‚ö†Ô∏è |
| \`sample/view.asset.php\` | \`wp-block-editor\`, \`wp-blocks\`, \`wp-element\`, \`wp-primitives\` | \`wp-primitives\` |  | ‚ö†Ô∏è |"
`;

exports[`diffTable 4`] = `
"| Filename | Dependencies | Added | Removed |  |
| :--- | :---: | :---: | :---: | :---: |
| \`sample/index.asset.php\` | \`wp-block-editor\`, \`wp-blocks\`, \`wp-element\`, \`wp-primitives\` | \`wp-primitives\` | \`wp-components\` | üîé |
| \`sample/test.asset.php\` | \`wp-block-editor\`, \`wp-blocks\`, \`wp-element\`, \`wp-primitives\` | \`wp-primitives, wp-components\` |  | ‚ö†Ô∏è |
| \`sample/hello.asset.php\` | \`wp-block-editor\`, \`wp-blocks\`, \`wp-element\`, \`wp-primitives\` | \`wp-primitives\` |  | ‚ö†Ô∏è |
| \`sample/view.asset.php\` | \`wp-block-editor\`, \`wp-blocks\`, \`wp-element\`, \`wp-primitives\` | \`wp-primitives\` |  | ‚ö†Ô∏è |"
`;

exports[`diffTable 5`] = `
"| Filename | Dependencies | Added | Removed |  |
| :--- | :---: | :---: | :---: | :---: |
| \`sample/hello.asset.php\` | \`wp-block-editor\`, \`wp-blocks\`, \`wp-element\`, \`wp-primitives\` | \`wp-primitives\` |  | ‚ö†Ô∏è |"
`;

exports[`parseAssetFile 1`] = `
{
  "dependencies": [
    "wp-block-editor",
    "wp-blocks",
    "wp-components",
    "wp-element",
    {
      "id": "@wordpress/interactivity",
      "import": "dynamic",
    },
  ],
  "version": "176fde31d1a79ed7ca30",
}
`;
